Archive Project report for VHDL_Engineering_Job
Sun Sep 13 17:32:28 2015
Quartus II 64-Bit Version 14.0.0 Build 200 06/17/2014 SJ Web Edition


---------------------
; Table of Contents ;
---------------------
  1. Legal Notice
  2. Archive Project Summary
  3. Archive Project Messages
  4. Files Archived



----------------
; Legal Notice ;
----------------
Copyright (C) 1991-2014 Altera Corporation. All rights reserved.
Your use of Altera Corporation's design tools, logic functions 
and other software and tools, and its AMPP partner logic 
functions, and any output files from any of the foregoing 
(including device programming or simulation files), and any 
associated documentation or information are expressly subject 
to the terms and conditions of the Altera Program License 
Subscription Agreement, the Altera Quartus II License Agreement,
the Altera MegaCore Function License Agreement, or other 
applicable license agreement, including, without limitation, 
that your use is for the sole purpose of programming logic 
devices manufactured by Altera and sold by Altera or its 
authorized distributors.  Please refer to the applicable 
agreement for further details.



+----------------------------------------------------------------+
; Archive Project Summary                                        ;
+------------------------+---------------------------------------+
; Archive Project Status ; Successful - Sun Sep 13 17:32:28 2015 ;
; Revision Name          ; VHDL_Engineering_Job                  ;
; Top-level Entity Name  ; VHDL_Engineering_Job                  ;
; Family                 ; Cyclone IV E                          ;
+------------------------+---------------------------------------+


+--------------------------+
; Archive Project Messages ;
+--------------------------+
Info: File Set 'Source control' contains:
    Info: Project source and settings files
    Info: Automatically detected source files
Info: Archive will store files relative to the closest common parent directory
Info (13213): Using common directory F:/Course_Applied_Electronics/VHDL_Engineering_Job_ii/
Info: ----------------------------------------------------------
Info: ----------------------------------------------------------
Info: Generated archive 'F:/Course_Applied_Electronics/VHDL_Engineering_Job_ii/VHDL_Engineering_Job.qar'
Info: ----------------------------------------------------------
Info: ----------------------------------------------------------
Info: Generated report 'VHDL_Engineering_Job.archive.rpt'
Info (23030): Evaluation of Tcl script d:/altera/14.0/quartus/common/tcl/apps/qpm/qar.tcl was successful
Info: Quartus II 64-Bit Shell was successful. 0 errors, 0 warnings
    Info: Peak virtual memory: 388 megabytes
    Info: Processing ended: Sun Sep 13 17:32:28 2015
    Info: Elapsed time: 00:00:01
    Info: Total CPU time (on all processors): 00:00:01


+------------------------------------------------------+
; Files Archived                                       ;
+------------------------------------------------------+
; File Name                                            ;
+------------------------------------------------------+
; d:/altera/14.0/quartus/bin64/assignment_defaults.qdf ;
; Player_Interface.vhd                                 ;
; PLL_design.vhd                                       ;
; VGA.vhd                                              ;
; VHDL_Engineering_Job.out.sdc                         ;
; VHDL_Engineering_Job.qpf                             ;
; VHDL_Engineering_Job.qsf                             ;
; VHDL_Engineering_Job.vhd                             ;
+------------------------------------------------------+


